> Ready on http://localhost:3000
 ○ Compiling / ...
 ✓ Compiled / in 9.7s (1427 modules)
 GET / 200 in 10470ms
 ✓ Compiled in 684ms (704 modules)
 ○ Compiling /api/products ...
 ✓ Compiled /admin in 5s (744 modules)
 ✓ Compiled in 890ms (701 modules)
prisma:query SELECT `main`.`Category`.`id`, `main`.`Category`.`name`, `main`.`Category`.`imageUrl` FROM `main`.`Category` WHERE 1=1 ORDER BY `main`.`Category`.`name` ASC LIMIT ? OFFSET ?
prisma:query SELECT `main`.`Banner`.`id`, `main`.`Banner`.`imageUrl`, `main`.`Banner`.`text`, `main`.`Banner`.`isActive` FROM `main`.`Banner` WHERE `main`.`Banner`.`isActive` = ? LIMIT ? OFFSET ?
prisma:query SELECT `main`.`Product`.`id`, `main`.`Product`.`partnerId`, `main`.`Product`.`categoryId`, `main`.`Product`.`name`, `main`.`Product`.`description`, `main`.`Product`.`price`, `main`.`Product`.`stock`, `main`.`Product`.`images`, `main`.`Product`.`isActive`, `main`.`Product`.`createdAt` FROM `main`.`Product` WHERE `main`.`Product`.`isActive` = ? ORDER BY `main`.`Product`.`createdAt` DESC LIMIT ? OFFSET ?
prisma:query SELECT `main`.`Category`.`id`, `main`.`Category`.`name`, `main`.`Category`.`imageUrl` FROM `main`.`Category` WHERE `main`.`Category`.`id` IN (?,?,?) LIMIT ? OFFSET ?
prisma:query SELECT `main`.`User`.`id`, `main`.`User`.`firstName`, `main`.`User`.`lastName`, `main`.`User`.`phone`, `main`.`User`.`passwordHash`, `main`.`User`.`avatarUrl`, `main`.`User`.`role`, `main`.`User`.`createdAt` FROM `main`.`User` WHERE `main`.`User`.`id` IN (?) LIMIT ? OFFSET ?
 GET /api/categories 200 in 6242ms
 GET /api/products 200 in 6244ms
 GET /api/banners 200 in 6248ms
 GET /admin 200 in 5630ms
prisma:query SELECT `main`.`Category`.`id`, `main`.`Category`.`name`, `main`.`Category`.`imageUrl` FROM `main`.`Category` WHERE 1=1 ORDER BY `main`.`Category`.`name` ASC LIMIT ? OFFSET ?
prisma:query SELECT `main`.`Product`.`id`, `main`.`Product`.`partnerId`, `main`.`Product`.`categoryId`, `main`.`Product`.`name`, `main`.`Product`.`description`, `main`.`Product`.`price`, `main`.`Product`.`stock`, `main`.`Product`.`images`, `main`.`Product`.`isActive`, `main`.`Product`.`createdAt` FROM `main`.`Product` WHERE `main`.`Product`.`isActive` = ? ORDER BY `main`.`Product`.`createdAt` DESC LIMIT ? OFFSET ?
prisma:query SELECT `main`.`Category`.`id`, `main`.`Category`.`name`, `main`.`Category`.`imageUrl` FROM `main`.`Category` WHERE `main`.`Category`.`id` IN (?,?,?) LIMIT ? OFFSET ?
prisma:query SELECT `main`.`User`.`id`, `main`.`User`.`firstName`, `main`.`User`.`lastName`, `main`.`User`.`phone`, `main`.`User`.`passwordHash`, `main`.`User`.`avatarUrl`, `main`.`User`.`role`, `main`.`User`.`createdAt` FROM `main`.`User` WHERE `main`.`User`.`id` IN (?) LIMIT ? OFFSET ?
prisma:query SELECT `main`.`Banner`.`id`, `main`.`Banner`.`imageUrl`, `main`.`Banner`.`text`, `main`.`Banner`.`isActive` FROM `main`.`Banner` WHERE `main`.`Banner`.`isActive` = ? LIMIT ? OFFSET ?
prisma:query SELECT `main`.`Banner`.`id`, `main`.`Banner`.`imageUrl`, `main`.`Banner`.`text`, `main`.`Banner`.`isActive` FROM `main`.`Banner` WHERE `main`.`Banner`.`isActive` = ? LIMIT ? OFFSET ?
 GET /api/banners 200 in 41ms
 ✓ Compiled /api/orders in 284ms (768 modules)
 ✓ Compiled (774 modules)
prisma:query SELECT `main`.`Category`.`id`, `main`.`Category`.`name`, `main`.`Category`.`imageUrl` FROM `main`.`Category` WHERE 1=1 ORDER BY `main`.`Category`.`name` ASC LIMIT ? OFFSET ?
 GET /api/categories 200 in 550ms
 GET /api/banners 200 in 539ms
prisma:query SELECT `main`.`Banner`.`id`, `main`.`Banner`.`imageUrl`, `main`.`Banner`.`text`, `main`.`Banner`.`isActive` FROM `main`.`Banner` WHERE `main`.`Banner`.`isActive` = ? LIMIT ? OFFSET ?
prisma:query SELECT `main`.`Service`.`id`, `main`.`Service`.`categoryId`, `main`.`Service`.`name`, `main`.`Service`.`imageUrl`, `main`.`Service`.`isActive`, `main`.`Service`.`createdAt` FROM `main`.`Service` WHERE 1=1 ORDER BY `main`.`Service`.`createdAt` DESC LIMIT ? OFFSET ?
prisma:query SELECT `main`.`ServiceField`.`id`, `main`.`ServiceField`.`serviceId`, `main`.`ServiceField`.`label`, `main`.`ServiceField`.`fieldType`, `main`.`ServiceField`.`required` FROM `main`.`ServiceField` WHERE `main`.`ServiceField`.`serviceId` IN (?,?) LIMIT ? OFFSET ?
prisma:query SELECT `main`.`Partner`.`id`, `main`.`Partner`.`userId`, `main`.`Partner`.`level`, `main`.`Partner`.`status`, `main`.`Partner`.`createdAt` FROM `main`.`Partner` WHERE 1=1 ORDER BY `main`.`Partner`.`createdAt` DESC LIMIT ? OFFSET ?
prisma:query SELECT `main`.`User`.`id`, `main`.`User`.`firstName`, `main`.`User`.`lastName`, `main`.`User`.`phone`, `main`.`User`.`passwordHash`, `main`.`User`.`avatarUrl`, `main`.`User`.`role`, `main`.`User`.`createdAt` FROM `main`.`User` WHERE `main`.`User`.`id` IN (?) LIMIT ? OFFSET ?
prisma:query SELECT `main`.`Alert`.`id`, `main`.`Alert`.`orderId`, `main`.`Alert`.`partnerId`, `main`.`Alert`.`message`, `main`.`Alert`.`createdAt` FROM `main`.`Alert` WHERE 1=1 ORDER BY `main`.`Alert`.`createdAt` DESC LIMIT ? OFFSET ?
prisma:query SELECT `main`.`Order`.`id`, `main`.`Order`.`userId`, `main`.`Order`.`partnerId`, `main`.`Order`.`type`, `main`.`Order`.`status`, `main`.`Order`.`totalPrice`, `main`.`Order`.`createdAt`, `main`.`Order`.`deliveredAt` FROM `main`.`Order` WHERE 1=1 ORDER BY `main`.`Order`.`createdAt` DESC LIMIT ? OFFSET ?
 GET /api/services 200 in 589ms
 GET /api/partners 200 in 588ms
 GET /api/alerts 200 in 590ms
 GET /api/orders 200 in 594ms
prisma:query SELECT `main`.`Category`.`id`, `main`.`Category`.`name`, `main`.`Category`.`imageUrl` FROM `main`.`Category` WHERE 1=1 ORDER BY `main`.`Category`.`name` ASC LIMIT ? OFFSET ?
 GET /api/categories 200 in 60ms
 GET /api/services 200 in 31ms
prisma:query SELECT `main`.`Service`.`id`, `main`.`Service`.`categoryId`, `main`.`Service`.`name`, `main`.`Service`.`imageUrl`, `main`.`Service`.`isActive`, `main`.`Service`.`createdAt` FROM `main`.`Service` WHERE 1=1 ORDER BY `main`.`Service`.`createdAt` DESC LIMIT ? OFFSET ?
prisma:query SELECT `main`.`ServiceField`.`id`, `main`.`ServiceField`.`serviceId`, `main`.`ServiceField`.`label`, `main`.`ServiceField`.`fieldType`, `main`.`ServiceField`.`required` FROM `main`.`ServiceField` WHERE `main`.`ServiceField`.`serviceId` IN (?,?) LIMIT ? OFFSET ?
prisma:query SELECT `main`.`Partner`.`id`, `main`.`Partner`.`userId`, `main`.`Partner`.`level`, `main`.`Partner`.`status`, `main`.`Partner`.`createdAt` FROM `main`.`Partner` WHERE 1=1 ORDER BY `main`.`Partner`.`createdAt` DESC LIMIT ? OFFSET ?
prisma:query SELECT `main`.`User`.`id`, `main`.`User`.`firstName`, `main`.`User`.`lastName`, `main`.`User`.`phone`, `main`.`User`.`passwordHash`, `main`.`User`.`avatarUrl`, `main`.`User`.`role`, `main`.`User`.`createdAt` FROM `main`.`User` WHERE `main`.`User`.`id` IN (?) LIMIT ? OFFSET ?
prisma:query SELECT `main`.`Order`.`id`, `main`.`Order`.`userId`, `main`.`Order`.`partnerId`, `main`.`Order`.`type`, `main`.`Order`.`status`, `main`.`Order`.`totalPrice`, `main`.`Order`.`createdAt`, `main`.`Order`.`deliveredAt` FROM `main`.`Order` WHERE 1=1 ORDER BY `main`.`Order`.`createdAt` DESC LIMIT ? OFFSET ?
 GET /api/partners 200 in 36ms
 GET /api/orders 200 in 36ms
 GET /api/alerts 200 in 39ms
prisma:query SELECT `main`.`Alert`.`id`, `main`.`Alert`.`orderId`, `main`.`Alert`.`partnerId`, `main`.`Alert`.`message`, `main`.`Alert`.`createdAt` FROM `main`.`Alert` WHERE 1=1 ORDER BY `main`.`Alert`.`createdAt` DESC LIMIT ? OFFSET ?
 ○ Compiling /services ...
 ✓ Compiled /services in 886ms (1497 modules)
 GET /services 200 in 1078ms
prisma:query SELECT `main`.`Service`.`id`, `main`.`Service`.`categoryId`, `main`.`Service`.`name`, `main`.`Service`.`imageUrl`, `main`.`Service`.`isActive`, `main`.`Service`.`createdAt` FROM `main`.`Service` WHERE 1=1 ORDER BY `main`.`Service`.`createdAt` DESC LIMIT ? OFFSET ?
prisma:query SELECT `main`.`ServiceField`.`id`, `main`.`ServiceField`.`serviceId`, `main`.`ServiceField`.`label`, `main`.`ServiceField`.`fieldType`, `main`.`ServiceField`.`required` FROM `main`.`ServiceField` WHERE `main`.`ServiceField`.`serviceId` IN (?,?) LIMIT ? OFFSET ?
 GET /api/services 200 in 31ms
prisma:query SELECT `main`.`Service`.`id`, `main`.`Service`.`categoryId`, `main`.`Service`.`name`, `main`.`Service`.`imageUrl`, `main`.`Service`.`isActive`, `main`.`Service`.`createdAt` FROM `main`.`Service` WHERE 1=1 ORDER BY `main`.`Service`.`createdAt` DESC LIMIT ? OFFSET ?
prisma:query SELECT `main`.`ServiceField`.`id`, `main`.`ServiceField`.`serviceId`, `main`.`ServiceField`.`label`, `main`.`ServiceField`.`fieldType`, `main`.`ServiceField`.`required` FROM `main`.`ServiceField` WHERE `main`.`ServiceField`.`serviceId` IN (?,?) LIMIT ? OFFSET ?
 GET /api/services 200 in 12ms
 ○ Compiling /orders ...
 ✓ Compiled /orders in 844ms (1613 modules)
 GET /orders 200 in 955ms
[Socket.io] Client connected: r3dVv5MAr2JmOtQFAAAA
[Socket.io] Client disconnected: r3dVv5MAr2JmOtQFAAAA
 ✓ Compiled in 480ms (764 modules)
 ✓ Compiled in 249ms (764 modules)
 ✓ Compiled in 481ms (764 modules)
 ✓ Compiled in 323ms (764 modules)
 ○ Compiling / ...
 ✓ Compiled / in 572ms (714 modules)
 GET / 200 in 928ms
 ○ Compiling /_not-found ...
 ✓ Compiled /_not-found in 782ms (1467 modules)
 GET /_next/static/css/app/layout.css?v=1789401550346 404 in 988ms
 GET /_next/static/chunks/main-app.js?v=1789401550346 404 in 977ms
 GET /_next/static/chunks/app-pages-internals.js 404 in 977ms
 GET /_next/static/chunks/app/page.js 404 in 976ms
 ✓ Compiled /admin in 419ms (728 modules)
 GET /admin 200 in 518ms
 GET /_next/static/css/app/layout.css?v=1789401553014 404 in 39ms
 GET /_next/static/chunks/main-app.js?v=1789401553014 404 in 74ms
 GET /_next/static/chunks/app-pages-internals.js 404 in 73ms
 ✓ Compiled /services in 297ms (740 modules)
 GET /services 200 in 417ms
 GET /_next/static/css/app/layout.css?v=1789401554526 404 in 80ms
 GET /_next/static/chunks/app-pages-internals.js 404 in 86ms
 GET /_next/static/chunks/app/services/page.js 404 in 86ms
 GET /_next/static/chunks/main-app.js?v=1789401554526 404 in 90ms
 ✓ Compiled /orders in 271ms (817 modules)
 GET /orders 200 in 390ms
 GET /_next/static/css/app/layout.css?v=1789401556047 404 in 65ms
 GET /_next/static/chunks/main-app.js?v=1789401556047 404 in 97ms
 GET /_next/static/chunks/app-pages-internals.js 404 in 97ms
 GET /_next/static/chunks/app/orders/page.js 404 in 97ms
 ✓ Compiled in 495ms (764 modules)
